// Jest Snapshot v1, https://goo.gl/fbAQLP

exports[`MenuBar component test it matches the snapshot 1`] = `
<nav
  className="navbar fixed-top navbar-expand-lg navbar-dark"
>
  <a
    className="navbar-brand"
    href="#"
  >
    spotaroom
  </a>
  <button
    aria-controls="navbarNav"
    aria-expanded="false"
    aria-label="Toggle navigation"
    className="navbar-toggler"
    data-target="#navbarNav"
    data-toggle="collapse"
    type="button"
  >
    <span
      className="navbar-toggler-icon"
    />
  </button>
  <div
    className="collapse navbar-collapse"
    id="navbarNav"
  >
    <ul
      className="nav navbar-nav"
    >
      <li
        className="nav-item"
      >
        <a
          className="nav-link"
          href="#"
        >
          The Company 
          <span
            className="sr-only"
          >
            (current)
          </span>
        </a>
      </li>
      <li
        className="nav-item"
      >
        <a
          className="nav-link"
          href="#"
        >
          How We Work
        </a>
      </li>
      <li
        className="nav-item"
      >
        <a
          className="nav-link"
          href="#"
        >
          Contact Us
        </a>
      </li>
    </ul>
  </div>
</nav>
`;

exports[`MenuBar component test it matches with the snapshot 1`] = `
<nav
  className="navbar fixed-top navbar-expand-lg navbar-dark"
>
  <a
    className="navbar-brand"
    href="#"
  >
    spotaroom
  </a>
  <button
    aria-controls="navbarNav"
    aria-expanded="false"
    aria-label="Toggle navigation"
    className="navbar-toggler"
    data-target="#navbarNav"
    data-toggle="collapse"
    type="button"
  >
    <span
      className="navbar-toggler-icon"
    />
  </button>
  <div
    className="collapse navbar-collapse"
    id="navbarNav"
  >
    <ul
      className="nav navbar-nav"
    >
      <li
        className="nav-item"
      >
        <a
          className="nav-link"
          href="#"
        >
          The Company 
          <span
            className="sr-only"
          >
            (current)
          </span>
        </a>
      </li>
      <li
        className="nav-item"
      >
        <a
          className="nav-link"
          href="#"
        >
          How We Work
        </a>
      </li>
      <li
        className="nav-item"
      >
        <a
          className="nav-link"
          href="#"
        >
          Contact Us
        </a>
      </li>
    </ul>
  </div>
</nav>
`;
